// Jest Snapshot v1, https://goo.gl/fbAQLP

exports[`update-cardstitle-form snapshot 1`] = `
<form
  className="update-cardstitle-area"
>
  <Field
    component={[Function]}
    format={[Function]}
    name="35re4qwefgt34werwd"
    onBlur={[Function]}
    onKeyPress={[Function]}
    textareaClass="updateCardsTitle"
  />
</form>
`;
